Building com.realtorone.app for simulator (ios)...
Running Xcode build...                                          
Xcode build done.                                            5.3s
Failed to build iOS app
Error output from Xcode build:
↳
    ** BUILD FAILED **


Xcode's output:
↳
    Writing result bundle at path:
    	/var/folders/x0/xb3qd5vx0d15p_11jgyp5xdc0000gn/T/flutter_tools.OqDyTL/flutter_ios_build_temp_dirU7Yw5k/temporary_xcresult_bundle

    lib/services/push_notification_service.dart:286:54: Error: Required named parameter 'lockScreen' must be provided.
              onTimeout: () => const NotificationSettings(
                                                         ^
    ../../../../.pub-cache/hosted/pub.dev/firebase_messaging_platform_interface-4.6.10/lib/src/notification_settings.dart:11:9: Context: Found this candidate, but the arguments don't match.
      const NotificationSettings({
            ^^^^^^^^^^^^^^^^^^^^
    Target kernel_snapshot_program failed: Exception
    Failed to package /Users/yasir/Projects/Office/RealtorOne/realtorone-frontend-.
    Command PhaseScriptExecution failed with a nonzero exit code
    /Users/yasir/Projects/Office/RealtorOne/realtorone-frontend-/ios/Pods/Pods.xcodeproj: warning: The iOS Simulator deployment target 'IPHONEOS_DEPLOYMENT_TARGET' is set to 9.0, but the range of supported deployment target versions is 12.0 to 26.4.99. (in target 'AppAuth-AppAuthCore_Privacy' from project 'Pods')
    /Users/yasir/Projects/Office/RealtorOne/realtorone-frontend-/ios/Pods/Pods.xcodeproj: warning: The iOS Simulator deployment target 'IPHONEOS_DEPLOYMENT_TARGET' is set to 9.0, but the range of supported deployment target versions is 12.0 to 26.4.99. (in target 'permission_handler_apple-permission_handler_apple_privacy' from project 'Pods')
    /Users/yasir/Projects/Office/RealtorOne/realtorone-frontend-/ios/Pods/Pods.xcodeproj: warning: The iOS Simulator deployment target 'IPHONEOS_DEPLOYMENT_TARGET' is set to 9.0, but the range of supported deployment target versions is 12.0 to 26.4.99. (in target 'SwiftyGif-SwiftyGif' from project 'Pods')
    /Users/yasir/Projects/Office/RealtorOne/realtorone-frontend-/ios/Pods/Pods.xcodeproj: warning: The iOS Simulator deployment target 'IPHONEOS_DEPLOYMENT_TARGET' is set to 9.0, but the range of supported deployment target versions is 12.0 to 26.4.99. (in target 'SDWebImage-SDWebImage' from project 'Pods')
    /Users/yasir/Projects/Office/RealtorOne/realtorone-frontend-/ios/Pods/Pods.xcodeproj: warning: The iOS Simulator deployment target 'IPHONEOS_DEPLOYMENT_TARGET' is set to 9.0, but the range of supported deployment target versions is 12.0 to 26.4.99. (in target 'PromisesObjC-FBLPromises_Privacy' from project 'Pods')
    /Users/yasir/Projects/Office/RealtorOne/realtorone-frontend-/ios/Pods/Pods.xcodeproj: warning: The iOS Simulator deployment target 'IPHONEOS_DEPLOYMENT_TARGET' is set to 10.0, but the range of supported deployment target versions is 12.0 to 26.4.99. (in target 'GTMSessionFetcher-GTMSessionFetcher_Full_Privacy' from project 'Pods')
    /Users/yasir/Projects/Office/RealtorOne/realtorone-frontend-/ios/Pods/Pods.xcodeproj: warning: The iOS Simulator deployment target 'IPHONEOS_DEPLOYMENT_TARGET' is set to 9.0, but the range of supported deployment target versions is 12.0 to 26.4.99. (in target 'SwiftyGif' from project 'Pods')
    /Users/yasir/Projects/Office/RealtorOne/realtorone-frontend-/ios/Pods/Pods.xcodeproj: warning: The iOS Simulator deployment target 'IPHONEOS_DEPLOYMENT_TARGET' is set to 10.0, but the range of supported deployment target versions is 12.0 to 26.4.99. (in target 'GTMSessionFetcher-GTMSessionFetcher_Core_Privacy' from project 'Pods')
    /Users/yasir/Projects/Office/RealtorOne/realtorone-frontend-/ios/Pods/Pods.xcodeproj: warning: The iOS Simulator deployment target 'IPHONEOS_DEPLOYMENT_TARGET' is set to 10.0, but the range of supported deployment target versions is 12.0 to 26.4.99. (in target 'GTMAppAuth-GTMAppAuth_Privacy' from project 'Pods')
    /Users/yasir/Projects/Office/RealtorOne/realtorone-frontend-/ios/Pods/Pods.xcodeproj: warning: The iOS Simulator deployment target 'IPHONEOS_DEPLOYMENT_TARGET' is set to 9.0, but the range of supported deployment target versions is 12.0 to 26.4.99. (in target 'PromisesObjC' from project 'Pods')
    /Users/yasir/Projects/Office/RealtorOne/realtorone-frontend-/ios/Pods/Pods.xcodeproj: warning: The iOS Simulator deployment target 'IPHONEOS_DEPLOYMENT_TARGET' is set to 9.0, but the range of supported deployment target versions is 12.0 to 26.4.99. (in target 'SDWebImage' from project 'Pods')
    /Users/yasir/Projects/Office/RealtorOne/realtorone-frontend-/ios/Pods/Pods.xcodeproj: warning: The iOS Simulator deployment target 'IPHONEOS_DEPLOYMENT_TARGET' is set to 9.0, but the range of supported deployment target versions is 12.0 to 26.4.99. (in target 'AppAuth' from project 'Pods')
    /Users/yasir/Projects/Office/RealtorOne/realtorone-frontend-/ios/Pods/Pods.xcodeproj: warning: The iOS Simulator deployment target 'IPHONEOS_DEPLOYMENT_TARGET' is set to 10.0, but the range of supported deployment target versions is 12.0 to 26.4.99. (in target 'GTMSessionFetcher' from project 'Pods')
    /Users/yasir/Projects/Office/RealtorOne/realtorone-frontend-/ios/Pods/Pods.xcodeproj: warning: The iOS Simulator deployment target 'IPHONEOS_DEPLOYMENT_TARGET' is set to 9.0, but the range of supported deployment target versions is 12.0 to 26.4.99. (in target 'DKPhotoGallery-DKPhotoGallery' from project 'Pods')
    /Users/yasir/Projects/Office/RealtorOne/realtorone-frontend-/ios/Pods/Pods.xcodeproj: warning: The iOS Simulator deployment target 'IPHONEOS_DEPLOYMENT_TARGET' is set to 9.0, but the range of supported deployment target versions is 12.0 to 26.4.99. (in target 'DKImagePickerController-DKImagePickerController' from project 'Pods')
    /Users/yasir/Projects/Office/RealtorOne/realtorone-frontend-/ios/Pods/Pods.xcodeproj: warning: The iOS Simulator deployment target 'IPHONEOS_DEPLOYMENT_TARGET' is set to 9.0, but the range of supported deployment target versions is 12.0 to 26.4.99. (in target 'DKPhotoGallery' from project 'Pods')
    /Users/yasir/Projects/Office/RealtorOne/realtorone-frontend-/ios/Pods/Pods.xcodeproj: warning: The iOS Simulator deployment target 'IPHONEOS_DEPLOYMENT_TARGET' is set to 10.0, but the range of supported deployment target versions is 12.0 to 26.4.99. (in target 'GTMAppAuth' from project 'Pods')
    /Users/yasir/Projects/Office/RealtorOne/realtorone-frontend-/ios/Pods/Pods.xcodeproj: warning: The iOS Simulator deployment target 'IPHONEOS_DEPLOYMENT_TARGET' is set to 9.0, but the range of supported deployment target versions is 12.0 to 26.4.99. (in target 'DKImagePickerController' from project 'Pods')
    note: Run script build phase 'Run Script' will be run during every build because the option to run the script phase "Based on dependency analysis" is unchecked. (in target 'Runner' from project 'Runner')
    note: Run script build phase 'Thin Binary' will be run during every build because the option to run the script phase "Based on dependency analysis" is unchecked. (in target 'Runner' from project 'Runner')

Encountered error while building for simulator.
